============================================================
STATUS: LOGGED LOCALLY (No SMTP config)
TO: chitrakarsujal7@gmail.com
SUBJECT: SAS Portal: Student Absence Notice
----------------------------------------
Dear Parent/Guardian,

We are writing to inform you that the student Sujal Chitrakar (Registration No: 89889) was marked Absent today for the course BCT (Unit: BCT 2411).

To prevent notification fatigue, absence email alerts are rate-limited to once every 3 days. Please follow up with the student accordingly.

Best regards,
SAS Portal Attendance System
============================================================

============================================================
STATUS: LOGGED LOCALLY (No SMTP config)
TO: chitrakarsujal7@gmail.com
SUBJECT: Congratulations on Your Attendance Momentum!
----------------------------------------
Dear Sujal Chitrakar,

Congratulations! You have successfully attended 3 consecutive sessions of BCT (Unit: BCT 2411)!

We are thrilled to see your commitment and positive momentum. Keep up the excellent work!

Best regards,
SAS Portal Attendance System
============================================================

